[train] grid_medium_k0: states=3,364,000 {'value_type': 'grid', 'noise_scale': 0.0}
{"iter": 0, "delta": 10514.353515625, "policy_changed": 0.9895544052124023, "fit_err_max": 0.0, "V_mean": 2806.408935546875, "sec": 1.8228210434317589}
{"iter": 1, "delta": 7906.2890625, "policy_changed": 0.9637990593910217, "fit_err_max": 0.0, "V_mean": 1328.3651123046875, "sec": 2.1207801597192883}
{"iter": 2, "delta": 5816.68505859375, "policy_changed": 0.5890790820121765, "fit_err_max": 0.0, "V_mean": 1127.9342041015625, "sec": 2.1267169201746583}
{"iter": 3, "delta": 3010.84228515625, "policy_changed": 0.45388466119766235, "fit_err_max": 0.0, "V_mean": 1059.8428955078125, "sec": 2.1197760570794344}
{"iter": 4, "delta": 1620.479248046875, "policy_changed": 0.3237360417842865, "fit_err_max": 0.0, "V_mean": 1031.3045654296875, "sec": 2.1218548705801368}
{"iter": 5, "delta": 752.493896484375, "policy_changed": 0.1951088011264801, "fit_err_max": 0.0, "V_mean": 1017.5557250976562, "sec": 2.1150184255093336}
{"iter": 6, "delta": 260.63818359375, "policy_changed": 0.09043370932340622, "fit_err_max": 0.0, "V_mean": 1010.3322143554688, "sec": 2.1308516887947917}
{"iter": 7, "delta": 78.790771484375, "policy_changed": 0.030357016250491142, "fit_err_max": 0.0, "V_mean": 1006.3353271484375, "sec": 2.1309265345335007}
{"iter": 8, "delta": 29.982421875, "policy_changed": 0.006885850336402655, "fit_err_max": 0.0, "V_mean": 1004.0682373046875, "sec": 2.1200973447412252}
{"iter": 9, "delta": 9.922332763671875, "policy_changed": 0.0009794887155294418, "fit_err_max": 0.0, "V_mean": 1002.7781982421875, "sec": 2.023227209225297}
{"iter": 10, "delta": 5.63720703125, "policy_changed": 7.104637188604102e-05, "fit_err_max": 0.0, "V_mean": 1002.0441284179688, "sec": 2.1172387124970555}
{"iter": 11, "delta": 3.20703125, "policy_changed": 1.6052319551818073e-05, "fit_err_max": 0.0, "V_mean": 1001.6265869140625, "sec": 2.1132766203954816}
{"iter": 12, "delta": 1.82470703125, "policy_changed": 1.9619499653344974e-05, "fit_err_max": 0.0, "V_mean": 1001.3890991210938, "sec": 2.1154390797019005}
{"iter": 13, "delta": 1.0380859375, "policy_changed": 1.93222349480493e-05, "fit_err_max": 0.0, "V_mean": 1001.2540283203125, "sec": 2.115549056790769}
{"iter": 14, "delta": 0.591796875, "policy_changed": 1.872770553745795e-05, "fit_err_max": 0.0, "V_mean": 1001.1771850585938, "sec": 2.1125932447612286}
{"iter": 15, "delta": 0.337890625, "policy_changed": 2.1105826817802154e-05, "fit_err_max": 0.0, "V_mean": 1001.1334228515625, "sec": 2.1189323682338}
{"iter": 16, "delta": 0.1923828125, "policy_changed": 2.05112955882214e-05, "fit_err_max": 0.0, "V_mean": 1001.108642578125, "sec": 2.1253763986751437}
{"iter": 17, "delta": 0.10986328125, "policy_changed": 1.6646848962409422e-05, "fit_err_max": 0.0, "V_mean": 1001.0943603515625, "sec": 2.1172362323850393}
{"iter": 18, "delta": 0.06298828125, "policy_changed": 1.8133174307877198e-05, "fit_err_max": 0.0, "V_mean": 1001.08642578125, "sec": 2.1202734764665365}
{"iter": 19, "delta": 0.03662109375, "policy_changed": 1.7835909602581523e-05, "fit_err_max": 0.0, "V_mean": 1001.081787109375, "sec": 2.1161323599517345}
[done] grid_medium_k0: offline=42.0s peak_gpu=1392MB params=3,364,000
[train] grid_medium_k1: states=3,364,000 {'value_type': 'grid', 'noise_scale': 1.0}
{"iter": 0, "delta": 10514.3505859375, "policy_changed": 0.9712604284286499, "fit_err_max": 0.0, "V_mean": 2446.7919921875, "sec": 20.433961123228073}
{"iter": 1, "delta": 7490.814453125, "policy_changed": 0.9090282320976257, "fit_err_max": 0.0, "V_mean": 1325.248046875, "sec": 20.43005343992263}
{"iter": 2, "delta": 4778.26513671875, "policy_changed": 0.5305511355400085, "fit_err_max": 0.0, "V_mean": 1228.6312255859375, "sec": 20.424535458907485}
{"iter": 3, "delta": 2829.43798828125, "policy_changed": 0.3892734944820404, "fit_err_max": 0.0, "V_mean": 1184.7750244140625, "sec": 20.436162743717432}
{"iter": 4, "delta": 1217.52978515625, "policy_changed": 0.2742348313331604, "fit_err_max": 0.0, "V_mean": 1162.7486572265625, "sec": 20.435803750529885}
{"iter": 5, "delta": 485.7393798828125, "policy_changed": 0.1695273518562317, "fit_err_max": 0.0, "V_mean": 1148.6370849609375, "sec": 21.090220084413886}
{"iter": 6, "delta": 347.82373046875, "policy_changed": 0.08393371105194092, "fit_err_max": 0.0, "V_mean": 1139.9527587890625, "sec": 24.467709043063223}
{"iter": 7, "delta": 175.88720703125, "policy_changed": 0.028427764773368835, "fit_err_max": 0.0, "V_mean": 1134.928466796875, "sec": 28.053776028566062}
{"iter": 8, "delta": 65.338134765625, "policy_changed": 0.006084125954657793, "fit_err_max": 0.0, "V_mean": 1132.046142578125, "sec": 28.417339142411947}
{"iter": 9, "delta": 10.9703369140625, "policy_changed": 0.0007339476724155247, "fit_err_max": 0.0, "V_mean": 1130.403076171875, "sec": 23.303521778434515}
{"iter": 10, "delta": 3.57958984375, "policy_changed": 6.361474515870214e-05, "fit_err_max": 0.0, "V_mean": 1129.4681396484375, "sec": 20.42950717639178}
{"iter": 11, "delta": 2.03662109375, "policy_changed": 2.6159334083786234e-05, "fit_err_max": 0.0, "V_mean": 1128.9364013671875, "sec": 20.452538735233247}
{"iter": 12, "delta": 1.1591796875, "policy_changed": 2.5267538148909807e-05, "fit_err_max": 0.0, "V_mean": 1128.634033203125, "sec": 20.482555891387165}
{"iter": 13, "delta": 0.6591796875, "policy_changed": 2.1403091523097828e-05, "fit_err_max": 0.0, "V_mean": 1128.4619140625, "sec": 20.46250966563821}
{"iter": 14, "delta": 0.3759765625, "policy_changed": 2.1997620933689177e-05, "fit_err_max": 0.0, "V_mean": 1128.3641357421875, "sec": 20.460740448907018}
{"iter": 15, "delta": 0.21484375, "policy_changed": 2.080856211250648e-05, "fit_err_max": 0.0, "V_mean": 1128.3084716796875, "sec": 20.45523260720074}
{"iter": 16, "delta": 0.12255859375, "policy_changed": 2.1403091523097828e-05, "fit_err_max": 0.0, "V_mean": 1128.2767333984375, "sec": 20.493087768554688}
{"iter": 17, "delta": 0.0703125, "policy_changed": 2.4078477508737706e-05, "fit_err_max": 0.0, "V_mean": 1128.2587890625, "sec": 19.70017775800079}
{"iter": 18, "delta": 0.0400390625, "policy_changed": 2.437574221403338e-05, "fit_err_max": 0.0, "V_mean": 1128.2484130859375, "sec": 20.4380443142727}
[done] grid_medium_k1: offline=410.9s peak_gpu=852MB params=3,364,000
[train] grid_medium_k0p25: states=3,364,000 {'value_type': 'grid', 'noise_scale': 0.25}
{"iter": 0, "delta": 10514.353515625, "policy_changed": 0.9895544052124023, "fit_err_max": 0.0, "V_mean": 2806.708740234375, "sec": 20.312557845376432}
{"iter": 1, "delta": 7902.8583984375, "policy_changed": 0.9637770652770996, "fit_err_max": 0.0, "V_mean": 1329.6925048828125, "sec": 19.838794089853764}
{"iter": 2, "delta": 5789.9814453125, "policy_changed": 0.5874304175376892, "fit_err_max": 0.0, "V_mean": 1131.8251953125, "sec": 20.470550616271794}
{"iter": 3, "delta": 3010.373046875, "policy_changed": 0.4527779519557953, "fit_err_max": 0.0, "V_mean": 1064.2149658203125, "sec": 20.643471841700375}
{"iter": 4, "delta": 1620.24560546875, "policy_changed": 0.3229146897792816, "fit_err_max": 0.0, "V_mean": 1034.8162841796875, "sec": 20.464759221300483}
{"iter": 5, "delta": 875.0810546875, "policy_changed": 0.19573543965816498, "fit_err_max": 0.0, "V_mean": 1020.4046020507812, "sec": 20.472155247814953}
{"iter": 6, "delta": 261.781982421875, "policy_changed": 0.09361058473587036, "fit_err_max": 0.0, "V_mean": 1012.764892578125, "sec": 20.462736558169127}
{"iter": 7, "delta": 92.629150390625, "policy_changed": 0.032978300005197525, "fit_err_max": 0.0, "V_mean": 1008.4340209960938, "sec": 20.474839989095926}
{"iter": 8, "delta": 27.35888671875, "policy_changed": 0.008398632518947124, "fit_err_max": 0.0, "V_mean": 1005.9487915039062, "sec": 20.48422851692885}
{"iter": 9, "delta": 9.979644775390625, "policy_changed": 0.001318073715083301, "fit_err_max": 0.0, "V_mean": 1004.5311889648438, "sec": 20.457695305347443}
{"iter": 10, "delta": 5.6689453125, "policy_changed": 0.00012633769074454904, "fit_err_max": 0.0, "V_mean": 1003.724853515625, "sec": 20.446463264524937}
{"iter": 11, "delta": 3.2255859375, "policy_changed": 3.418549385969527e-05, "fit_err_max": 0.0, "V_mean": 1003.2662353515625, "sec": 20.464044925756752}
{"iter": 12, "delta": 1.8349609375, "policy_changed": 2.2294887457974255e-05, "fit_err_max": 0.0, "V_mean": 1003.0053100585938, "sec": 20.47553165908903}
{"iter": 13, "delta": 1.0439453125, "policy_changed": 2.3483948098146357e-05, "fit_err_max": 0.0, "V_mean": 1002.85693359375, "sec": 20.458590926602483}
{"iter": 14, "delta": 0.5947265625, "policy_changed": 2.2294887457974255e-05, "fit_err_max": 0.0, "V_mean": 1002.7725219726562, "sec": 21.619614713825285}
{"iter": 15, "delta": 0.33935546875, "policy_changed": 2.2294887457974255e-05, "fit_err_max": 0.0, "V_mean": 1002.7245483398438, "sec": 23.330950886011124}
{"iter": 16, "delta": 0.19384765625, "policy_changed": 2.1105826817802154e-05, "fit_err_max": 0.0, "V_mean": 1002.6972045898438, "sec": 21.285742507316172}
{"iter": 17, "delta": 0.1103515625, "policy_changed": 2.3483948098146357e-05, "fit_err_max": 0.0, "V_mean": 1002.6817016601562, "sec": 20.444886853918433}
{"iter": 18, "delta": 0.0634765625, "policy_changed": 2.4673008738318458e-05, "fit_err_max": 0.0, "V_mean": 1002.6728515625, "sec": 20.440677916631103}
{"iter": 19, "delta": 0.037109375, "policy_changed": 1.93222349480493e-05, "fit_err_max": 0.0, "V_mean": 1002.6678466796875, "sec": 20.492203606292605}
[done] grid_medium_k0p25: offline=413.5s peak_gpu=852MB params=3,364,000
[train] grid_medium_k0p5: states=3,364,000 {'value_type': 'grid', 'noise_scale': 0.5}
{"iter": 0, "delta": 10514.353515625, "policy_changed": 0.9826442003250122, "fit_err_max": 0.0, "V_mean": 2654.556884765625, "sec": 21.71019481215626}
{"iter": 1, "delta": 7842.9716796875, "policy_changed": 0.9437398910522461, "fit_err_max": 0.0, "V_mean": 1320.5986328125, "sec": 19.77142594475299}
{"iter": 2, "delta": 4882.505859375, "policy_changed": 0.5677963495254517, "fit_err_max": 0.0, "V_mean": 1153.9488525390625, "sec": 20.480862541124225}
{"iter": 3, "delta": 3002.59130859375, "policy_changed": 0.4295618236064911, "fit_err_max": 0.0, "V_mean": 1085.299560546875, "sec": 20.46610916685313}
{"iter": 4, "delta": 1426.519775390625, "policy_changed": 0.3031798303127289, "fit_err_max": 0.0, "V_mean": 1057.010498046875, "sec": 20.438740680925548}
{"iter": 5, "delta": 613.8128662109375, "policy_changed": 0.18242241442203522, "fit_err_max": 0.0, "V_mean": 1042.716552734375, "sec": 20.455200149677694}
{"iter": 6, "delta": 249.9290771484375, "policy_changed": 0.08516319841146469, "fit_err_max": 0.0, "V_mean": 1034.8909912109375, "sec": 20.462728606536984}
{"iter": 7, "delta": 141.690185546875, "policy_changed": 0.027124255895614624, "fit_err_max": 0.0, "V_mean": 1030.4715576171875, "sec": 20.47928531561047}
{"iter": 8, "delta": 57.318359375, "policy_changed": 0.006040130741894245, "fit_err_max": 0.0, "V_mean": 1027.9454345703125, "sec": 20.46948854625225}
{"iter": 9, "delta": 8.807373046875, "policy_changed": 0.000846313894726336, "fit_err_max": 0.0, "V_mean": 1026.506103515625, "sec": 20.469113402999938}
{"iter": 10, "delta": 5.009765625, "policy_changed": 9.304399281973019e-05, "fit_err_max": 0.0, "V_mean": 1025.68701171875, "sec": 20.486347494646907}
{"iter": 11, "delta": 2.849609375, "policy_changed": 2.9131984774721786e-05, "fit_err_max": 0.0, "V_mean": 1025.2210693359375, "sec": 22.675573252141476}
{"iter": 12, "delta": 1.62158203125, "policy_changed": 2.1700356228393503e-05, "fit_err_max": 0.0, "V_mean": 1024.9559326171875, "sec": 24.401235605590045}
{"iter": 13, "delta": 0.92236328125, "policy_changed": 1.9619499653344974e-05, "fit_err_max": 0.0, "V_mean": 1024.8052978515625, "sec": 30.768531003035605}
{"iter": 14, "delta": 0.5263671875, "policy_changed": 1.7835909602581523e-05, "fit_err_max": 0.0, "V_mean": 1024.719482421875, "sec": 32.6917804563418}
{"iter": 15, "delta": 0.2998046875, "policy_changed": 2.1105826817802154e-05, "fit_err_max": 0.0, "V_mean": 1024.6707763671875, "sec": 35.741140578873456}
{"iter": 16, "delta": 0.17138671875, "policy_changed": 1.6646848962409422e-05, "fit_err_max": 0.0, "V_mean": 1024.6429443359375, "sec": 36.152547212317586}
{"iter": 17, "delta": 0.09765625, "policy_changed": 1.7835909602581523e-05, "fit_err_max": 0.0, "V_mean": 1024.627197265625, "sec": 35.378542062826455}
{"iter": 18, "delta": 0.05615234375, "policy_changed": 2.0214030882925726e-05, "fit_err_max": 0.0, "V_mean": 1024.6182861328125, "sec": 35.35468047950417}
{"iter": 19, "delta": 0.033203125, "policy_changed": 1.724137837300077e-05, "fit_err_max": 0.0, "V_mean": 1024.6131591796875, "sec": 34.711077839136124}
[done] grid_medium_k0p5: offline=513.6s peak_gpu=852MB params=3,364,000
[train] grid_medium_k2: states=3,364,000 {'value_type': 'grid', 'noise_scale': 2.0}
{"iter": 0, "delta": 10513.9140625, "policy_changed": 0.943636417388916, "fit_err_max": 0.0, "V_mean": 2138.4345703125, "sec": 31.90243287011981}
{"iter": 1, "delta": 6837.1865234375, "policy_changed": 0.8324307203292847, "fit_err_max": 0.0, "V_mean": 1380.861572265625, "sec": 34.11924931127578}
{"iter": 2, "delta": 4510.267578125, "policy_changed": 0.46441081166267395, "fit_err_max": 0.0, "V_mean": 1331.6392822265625, "sec": 35.1821471741423}
{"iter": 3, "delta": 2280.298828125, "policy_changed": 0.32991737127304077, "fit_err_max": 0.0, "V_mean": 1307.392333984375, "sec": 33.41466712858528}
{"iter": 4, "delta": 1055.97607421875, "policy_changed": 0.22005707025527954, "fit_err_max": 0.0, "V_mean": 1293.29541015625, "sec": 39.42277302965522}
{"iter": 5, "delta": 365.884765625, "policy_changed": 0.135847806930542, "fit_err_max": 0.0, "V_mean": 1279.2423095703125, "sec": 46.55079875793308}
{"iter": 6, "delta": 259.4761962890625, "policy_changed": 0.0859357938170433, "fit_err_max": 0.0, "V_mean": 1267.663330078125, "sec": 46.56717986334115}
{"iter": 7, "delta": 164.5406494140625, "policy_changed": 0.0495234839618206, "fit_err_max": 0.0, "V_mean": 1260.4473876953125, "sec": 46.578363601118326}
{"iter": 8, "delta": 87.50387573242188, "policy_changed": 0.024686384946107864, "fit_err_max": 0.0, "V_mean": 1256.2166748046875, "sec": 44.486156644299626}
{"iter": 9, "delta": 44.256591796875, "policy_changed": 0.008967895060777664, "fit_err_max": 0.0, "V_mean": 1253.791259765625, "sec": 46.105176518671215}
{"iter": 10, "delta": 7.889617919921875, "policy_changed": 0.0018133175326511264, "fit_err_max": 0.0, "V_mean": 1252.3919677734375, "sec": 43.341927006840706}
{"iter": 11, "delta": 3.412109375, "policy_changed": 0.00015517241263296455, "fit_err_max": 0.0, "V_mean": 1251.59326171875, "sec": 40.76745238620788}
{"iter": 12, "delta": 1.94140625, "policy_changed": 2.705113001866266e-05, "fit_err_max": 0.0, "V_mean": 1251.1387939453125, "sec": 40.92040507122874}
{"iter": 13, "delta": 1.1044921875, "policy_changed": 2.378121280344203e-05, "fit_err_max": 0.0, "V_mean": 1250.8802490234375, "sec": 40.89311876054853}
{"iter": 14, "delta": 0.62890625, "policy_changed": 2.2294887457974255e-05, "fit_err_max": 0.0, "V_mean": 1250.733154296875, "sec": 40.879886399023235}
{"iter": 15, "delta": 0.3583984375, "policy_changed": 2.3186683392850682e-05, "fit_err_max": 0.0, "V_mean": 1250.6495361328125, "sec": 40.84301329776645}
{"iter": 16, "delta": 0.2041015625, "policy_changed": 2.4673008738318458e-05, "fit_err_max": 0.0, "V_mean": 1250.60205078125, "sec": 40.899381385184824}
{"iter": 17, "delta": 0.1171875, "policy_changed": 1.9916766177630052e-05, "fit_err_max": 0.0, "V_mean": 1250.574951171875, "sec": 40.89339242503047}
{"iter": 18, "delta": 0.06640625, "policy_changed": 2.3186683392850682e-05, "fit_err_max": 0.0, "V_mean": 1250.5595703125, "sec": 40.88364777993411}
{"iter": 19, "delta": 0.0390625, "policy_changed": 2.4078477508737706e-05, "fit_err_max": 0.0, "V_mean": 1250.55078125, "sec": 40.88071347307414}
[done] grid_medium_k2: offline=815.5s peak_gpu=852MB params=3,364,000
[train] grid_coarse_k1: states=540,000 {'value_type': 'grid', 'noise_scale': 1.0}
{"iter": 0, "delta": 10508.9990234375, "policy_changed": 0.9727962613105774, "fit_err_max": 0.0, "V_mean": 2726.22216796875, "sec": 6.903884597122669}
{"iter": 1, "delta": 6643.04736328125, "policy_changed": 0.9159536957740784, "fit_err_max": 0.0, "V_mean": 1623.7509765625, "sec": 6.9215110233053565}
{"iter": 2, "delta": 4777.5498046875, "policy_changed": 0.5141629576683044, "fit_err_max": 0.0, "V_mean": 1517.5966796875, "sec": 6.906541608273983}
{"iter": 3, "delta": 2650.1953125, "policy_changed": 0.3578685224056244, "fit_err_max": 0.0, "V_mean": 1468.1328125, "sec": 6.661094800569117}
{"iter": 4, "delta": 1216.42236328125, "policy_changed": 0.22681111097335815, "fit_err_max": 0.0, "V_mean": 1441.3140869140625, "sec": 6.903649629093707}
{"iter": 5, "delta": 351.637451171875, "policy_changed": 0.12236666679382324, "fit_err_max": 0.0, "V_mean": 1424.6273193359375, "sec": 6.9027626579627395}
{"iter": 6, "delta": 229.82666015625, "policy_changed": 0.050583332777023315, "fit_err_max": 0.0, "V_mean": 1415.0225830078125, "sec": 6.76429049205035}
{"iter": 7, "delta": 129.1488037109375, "policy_changed": 0.01424814760684967, "fit_err_max": 0.0, "V_mean": 1409.5140380859375, "sec": 6.9101089695468545}
{"iter": 8, "delta": 39.93048095703125, "policy_changed": 0.0025092591531574726, "fit_err_max": 0.0, "V_mean": 1406.3653564453125, "sec": 6.910761348903179}
{"iter": 9, "delta": 10.658203125, "policy_changed": 0.00019629629969131202, "fit_err_max": 0.0, "V_mean": 1404.5723876953125, "sec": 6.916289088316262}
{"iter": 10, "delta": 5.503662109375, "policy_changed": 3.703703623614274e-05, "fit_err_max": 0.0, "V_mean": 1403.5526123046875, "sec": 6.908606627956033}
{"iter": 11, "delta": 3.130859375, "policy_changed": 1.6666666851961054e-05, "fit_err_max": 0.0, "V_mean": 1402.9725341796875, "sec": 6.9049243507906795}
{"iter": 12, "delta": 1.78125, "policy_changed": 2.407407373539172e-05, "fit_err_max": 0.0, "V_mean": 1402.642578125, "sec": 6.912491143681109}
{"iter": 13, "delta": 1.01318359375, "policy_changed": 3.5185184970032424e-05, "fit_err_max": 0.0, "V_mean": 1402.4549560546875, "sec": 6.919503510929644}
{"iter": 14, "delta": 0.5771484375, "policy_changed": 2.9629629352712072e-05, "fit_err_max": 0.0, "V_mean": 1402.34814453125, "sec": 6.911181810311973}
{"iter": 15, "delta": 0.3291015625, "policy_changed": 3.5185184970032424e-05, "fit_err_max": 0.0, "V_mean": 1402.287353515625, "sec": 6.908885053358972}
{"iter": 16, "delta": 0.1875, "policy_changed": 3.333333370392211e-05, "fit_err_max": 0.0, "V_mean": 1402.2529296875, "sec": 6.915092361159623}
{"iter": 17, "delta": 0.107421875, "policy_changed": 2.7777778086601757e-05, "fit_err_max": 0.0, "V_mean": 1402.2332763671875, "sec": 6.907250181771815}
{"iter": 18, "delta": 0.0615234375, "policy_changed": 4.074073876836337e-05, "fit_err_max": 0.0, "V_mean": 1402.2220458984375, "sec": 6.924137241207063}
{"iter": 19, "delta": 0.0361328125, "policy_changed": 2.9629629352712072e-05, "fit_err_max": 0.0, "V_mean": 1402.2158203125, "sec": 6.90259612351656}
[done] grid_coarse_k1: offline=137.8s peak_gpu=775MB params=540,000
[train] grid_fine_k1: states=12,150,000 {'value_type': 'grid', 'noise_scale': 1.0}
{"iter": 0, "delta": 10516.009765625, "policy_changed": 0.9719748497009277, "fit_err_max": 0.0, "V_mean": 1928.90380859375, "sec": 144.01657625753433}
{"iter": 1, "delta": 7649.86962890625, "policy_changed": 0.9135392308235168, "fit_err_max": 0.0, "V_mean": 1053.595458984375, "sec": 143.7871634811163}
{"iter": 2, "delta": 4912.564453125, "policy_changed": 0.5805709362030029, "fit_err_max": 0.0, "V_mean": 959.794921875, "sec": 143.83893876895308}
{"iter": 3, "delta": 2778.79443359375, "policy_changed": 0.45613470673561096, "fit_err_max": 0.0, "V_mean": 911.4698486328125, "sec": 143.84970849379897}
{"iter": 4, "delta": 1331.6279296875, "policy_changed": 0.3361892104148865, "fit_err_max": 0.0, "V_mean": 888.0491943359375, "sec": 143.58929609600455}
{"iter": 5, "delta": 470.1741943359375, "policy_changed": 0.20854008197784424, "fit_err_max": 0.0, "V_mean": 875.1100463867188, "sec": 109.47327098809183}
{"iter": 6, "delta": 336.37078857421875, "policy_changed": 0.10181678831577301, "fit_err_max": 0.0, "V_mean": 867.8388061523438, "sec": 107.93591622356325}
{"iter": 7, "delta": 139.004638671875, "policy_changed": 0.03796222060918808, "fit_err_max": 0.0, "V_mean": 863.7322387695312, "sec": 107.96183117199689}
{"iter": 8, "delta": 63.582763671875, "policy_changed": 0.008498353883624077, "fit_err_max": 0.0, "V_mean": 861.394775390625, "sec": 107.91522763855755}
{"iter": 9, "delta": 22.6207275390625, "policy_changed": 0.0009872427908703685, "fit_err_max": 0.0, "V_mean": 860.0653076171875, "sec": 98.46993846539408}
{"iter": 10, "delta": 3.8642578125, "policy_changed": 6.065843263058923e-05, "fit_err_max": 0.0, "V_mean": 859.30908203125, "sec": 71.9635830912739}
{"iter": 11, "delta": 2.1982421875, "policy_changed": 2.4362139811273664e-05, "fit_err_max": 0.0, "V_mean": 858.8790283203125, "sec": 71.7408555354923}
{"iter": 12, "delta": 1.251953125, "policy_changed": 2.5514402295812033e-05, "fit_err_max": 0.0, "V_mean": 858.6343994140625, "sec": 71.93881819862872}
{"iter": 13, "delta": 0.7119140625, "policy_changed": 2.3868311473052017e-05, "fit_err_max": 0.0, "V_mean": 858.4953002929688, "sec": 71.93993754964322}
{"iter": 14, "delta": 0.40625, "policy_changed": 2.4938270144048147e-05, "fit_err_max": 0.0, "V_mean": 858.4160766601562, "sec": 71.97148961015046}
{"iter": 15, "delta": 0.2314453125, "policy_changed": 2.5679011741885915e-05, "fit_err_max": 0.0, "V_mean": 858.3710327148438, "sec": 75.63070967141539}
{"iter": 16, "delta": 0.1328125, "policy_changed": 2.3868311473052017e-05, "fit_err_max": 0.0, "V_mean": 858.3453979492188, "sec": 72.07332135085016}
{"iter": 17, "delta": 0.0751953125, "policy_changed": 2.6008228815044276e-05, "fit_err_max": 0.0, "V_mean": 858.3308715820312, "sec": 34.31695089582354}
{"iter": 18, "delta": 0.04345703125, "policy_changed": 2.609053444757592e-05, "fit_err_max": 0.0, "V_mean": 858.3226928710938, "sec": 34.75460155773908}
[done] grid_fine_k1: offline=1827.2s peak_gpu=1046MB params=12,150,000
