[train] rbfavg_medium_k1: states=3,364,000 {'value_type': 'rbf', 'noise_scale': 1.0, 'rbf_fit': 'avg', 'rbf_stride_t': 1, 'rbf_stride_e': 2, 'rbf_ls_t': 0.8, 'rbf_ls_e': 1.6}
{"iter": 0, "delta": 7946.38037109375, "policy_changed": 0.9712604284286499, "fit_err_max": 853.0708618164062, "V_mean": 2768.593994140625, "sec": 35.4098607795313}
{"iter": 1, "delta": 2310.14453125, "policy_changed": 0.9111462235450745, "fit_err_max": 1391.73583984375, "V_mean": 2460.307861328125, "sec": 33.59079046547413}
{"iter": 2, "delta": 346.44775390625, "policy_changed": 0.33490636944770813, "fit_err_max": 1297.648193359375, "V_mean": 2473.51416015625, "sec": 35.52714867144823}
{"iter": 3, "delta": 156.256591796875, "policy_changed": 0.1149589791893959, "fit_err_max": 1298.533447265625, "V_mean": 2471.722412109375, "sec": 36.05982447322458}
{"iter": 4, "delta": 59.91015625, "policy_changed": 0.0181715227663517, "fit_err_max": 1298.490234375, "V_mean": 2469.085205078125, "sec": 34.94168145954609}
{"iter": 5, "delta": 29.1875, "policy_changed": 0.0011611176887527108, "fit_err_max": 1298.105712890625, "V_mean": 2467.525390625, "sec": 35.54222799744457}
{"iter": 6, "delta": 14.35498046875, "policy_changed": 4.369797898107208e-05, "fit_err_max": 1297.9453125, "V_mean": 2466.635498046875, "sec": 32.20746508426964}
{"iter": 7, "delta": 7.279296875, "policy_changed": 2.259215216326993e-05, "fit_err_max": 1297.998046875, "V_mean": 2466.129150390625, "sec": 33.10713430773467}
{"iter": 8, "delta": 3.8623046875, "policy_changed": 2.2889416868565604e-05, "fit_err_max": 1298.071044921875, "V_mean": 2465.841552734375, "sec": 34.67613351624459}
{"iter": 9, "delta": 2.04150390625, "policy_changed": 2.4673008738318458e-05, "fit_err_max": 1298.05517578125, "V_mean": 2465.677734375, "sec": 35.36657519172877}
{"iter": 10, "delta": 1.076171875, "policy_changed": 2.378121280344203e-05, "fit_err_max": 1298.041748046875, "V_mean": 2465.58447265625, "sec": 32.79503084812313}
{"iter": 11, "delta": 0.56640625, "policy_changed": 2.0214030882925726e-05, "fit_err_max": 1298.03955078125, "V_mean": 2465.531494140625, "sec": 44.488975482061505}
{"iter": 12, "delta": 0.298828125, "policy_changed": 2.4078477508737706e-05, "fit_err_max": 1298.043212890625, "V_mean": 2465.501708984375, "sec": 46.783011715859175}
{"iter": 13, "delta": 0.15771484375, "policy_changed": 2.259215216326993e-05, "fit_err_max": 1298.04443359375, "V_mean": 2465.484375, "sec": 46.60661471169442}
{"iter": 14, "delta": 0.08349609375, "policy_changed": 2.0214030882925726e-05, "fit_err_max": 1298.04345703125, "V_mean": 2465.474609375, "sec": 46.50681798160076}
{"iter": 15, "delta": 0.044921875, "policy_changed": 2.437574221403338e-05, "fit_err_max": 1298.04296875, "V_mean": 2465.468994140625, "sec": 44.20271340291947}
[done] rbfavg_medium_k1: offline=607.8s peak_gpu=877MB params=450,000
[train] rbfavg_medium_k0: states=3,364,000 {'value_type': 'rbf', 'noise_scale': 0.0, 'rbf_fit': 'avg', 'rbf_stride_t': 1, 'rbf_stride_e': 2, 'rbf_ls_t': 0.8, 'rbf_ls_e': 1.6}
{"iter": 0, "delta": 7978.462890625, "policy_changed": 0.9895544052124023, "fit_err_max": 898.7735595703125, "V_mean": 2896.396484375, "sec": 4.909965674392879}
{"iter": 1, "delta": 2486.28759765625, "policy_changed": 0.96585613489151, "fit_err_max": 1439.59326171875, "V_mean": 2458.1064453125, "sec": 4.6693359548226}
{"iter": 2, "delta": 453.6805419921875, "policy_changed": 0.3478849530220032, "fit_err_max": 1281.88720703125, "V_mean": 2410.400634765625, "sec": 4.917404535226524}
{"iter": 3, "delta": 197.34619140625, "policy_changed": 0.11614298075437546, "fit_err_max": 1286.5546875, "V_mean": 2371.342041015625, "sec": 4.776370857842267}
{"iter": 4, "delta": 75.52490234375, "policy_changed": 0.021538347005844116, "fit_err_max": 1286.4755859375, "V_mean": 2346.85546875, "sec": 4.697648117318749}
{"iter": 5, "delta": 38.881103515625, "policy_changed": 0.0014782996149733663, "fit_err_max": 1286.16796875, "V_mean": 2332.783203125, "sec": 5.011172462254763}
{"iter": 6, "delta": 20.72021484375, "policy_changed": 6.0344827943481505e-05, "fit_err_max": 1285.9990234375, "V_mean": 2324.77197265625, "sec": 4.646652406081557}
{"iter": 7, "delta": 11.22216796875, "policy_changed": 2.645659878908191e-05, "fit_err_max": 1286.05908203125, "V_mean": 2320.215087890625, "sec": 4.916617143899202}
{"iter": 8, "delta": 6.11083984375, "policy_changed": 2.8537455364130437e-05, "fit_err_max": 1286.13720703125, "V_mean": 2317.623046875, "sec": 4.778661595657468}
{"iter": 9, "delta": 3.3310546875, "policy_changed": 2.5267538148909807e-05, "fit_err_max": 1286.111572265625, "V_mean": 2316.148681640625, "sec": 4.816435905173421}
{"iter": 10, "delta": 1.8154296875, "policy_changed": 2.645659878908191e-05, "fit_err_max": 1286.10107421875, "V_mean": 2315.31005859375, "sec": 4.329642556607723}
{"iter": 11, "delta": 0.9892578125, "policy_changed": 2.5564804673194885e-05, "fit_err_max": 1286.098876953125, "V_mean": 2314.8330078125, "sec": 4.247137576341629}
{"iter": 12, "delta": 0.54052734375, "policy_changed": 2.4673008738318458e-05, "fit_err_max": 1286.102294921875, "V_mean": 2314.561767578125, "sec": 4.258762049488723}
{"iter": 13, "delta": 0.2958984375, "policy_changed": 1.9916766177630052e-05, "fit_err_max": 1286.103515625, "V_mean": 2314.407470703125, "sec": 4.247020414099097}
{"iter": 14, "delta": 0.162109375, "policy_changed": 2.4970273443614133e-05, "fit_err_max": 1286.1025390625, "V_mean": 2314.319580078125, "sec": 4.234664995223284}
{"iter": 15, "delta": 0.08984375, "policy_changed": 2.4673008738318458e-05, "fit_err_max": 1286.102294921875, "V_mean": 2314.26953125, "sec": 4.257193930447102}
{"iter": 16, "delta": 0.05029296875, "policy_changed": 2.378121280344203e-05, "fit_err_max": 1286.1025390625, "V_mean": 2314.2412109375, "sec": 4.254780028015375}
{"iter": 17, "delta": 0.0283203125, "policy_changed": 2.4673008738318458e-05, "fit_err_max": 1286.102783203125, "V_mean": 2314.22509765625, "sec": 4.258144994266331}
[done] rbfavg_medium_k0: offline=82.2s peak_gpu=1415MB params=450,000
[train] rbfavg_medium_k0p25: states=3,364,000 {'value_type': 'rbf', 'noise_scale': 0.25, 'rbf_fit': 'avg', 'rbf_stride_t': 1, 'rbf_stride_e': 2, 'rbf_ls_t': 0.8, 'rbf_ls_e': 1.6}
{"iter": 0, "delta": 7977.6611328125, "policy_changed": 0.9895544052124023, "fit_err_max": 898.7735595703125, "V_mean": 2896.646484375, "sec": 41.07548536080867}
{"iter": 1, "delta": 2483.81787109375, "policy_changed": 0.9658400416374207, "fit_err_max": 1438.3389892578125, "V_mean": 2459.201904296875, "sec": 41.02207324933261}
{"iter": 2, "delta": 452.5103759765625, "policy_changed": 0.34893253445625305, "fit_err_max": 1281.79345703125, "V_mean": 2411.951416015625, "sec": 40.9568108394742}
{"iter": 3, "delta": 196.564453125, "policy_changed": 0.11855766922235489, "fit_err_max": 1286.443603515625, "V_mean": 2373.138671875, "sec": 40.94179733749479}
{"iter": 4, "delta": 75.287353515625, "policy_changed": 0.02213912084698677, "fit_err_max": 1286.36767578125, "V_mean": 2348.79541015625, "sec": 40.9220872707665}
{"iter": 5, "delta": 38.748046875, "policy_changed": 0.0015148632228374481, "fit_err_max": 1286.0595703125, "V_mean": 2334.80517578125, "sec": 40.96400729753077}
{"iter": 6, "delta": 20.64404296875, "policy_changed": 6.539833702845499e-05, "fit_err_max": 1285.890869140625, "V_mean": 2326.84130859375, "sec": 40.94273529108614}
{"iter": 7, "delta": 11.1796875, "policy_changed": 2.437574221403338e-05, "fit_err_max": 1285.950439453125, "V_mean": 2322.310791015625, "sec": 40.94768042769283}
{"iter": 8, "delta": 6.0869140625, "policy_changed": 2.4673008738318458e-05, "fit_err_max": 1286.029052734375, "V_mean": 2319.73388671875, "sec": 40.7008806001395}
{"iter": 9, "delta": 3.31787109375, "policy_changed": 2.5267538148909807e-05, "fit_err_max": 1286.003662109375, "V_mean": 2318.26806640625, "sec": 40.54505349230021}
{"iter": 10, "delta": 1.8076171875, "policy_changed": 2.4078477508737706e-05, "fit_err_max": 1285.992919921875, "V_mean": 2317.434326171875, "sec": 40.920749654993415}
{"iter": 11, "delta": 0.9853515625, "policy_changed": 2.645659878908191e-05, "fit_err_max": 1285.990234375, "V_mean": 2316.960205078125, "sec": 40.91976641956717}
{"iter": 12, "delta": 0.53857421875, "policy_changed": 2.6159334083786234e-05, "fit_err_max": 1285.994140625, "V_mean": 2316.6904296875, "sec": 40.90884378924966}
{"iter": 13, "delta": 0.29443359375, "policy_changed": 2.9131984774721786e-05, "fit_err_max": 1285.9951171875, "V_mean": 2316.537109375, "sec": 40.99946245085448}
{"iter": 14, "delta": 0.16162109375, "policy_changed": 2.6753863494377583e-05, "fit_err_max": 1285.994140625, "V_mean": 2316.44970703125, "sec": 41.02660608943552}
{"iter": 15, "delta": 0.08935546875, "policy_changed": 2.437574221403338e-05, "fit_err_max": 1285.993896484375, "V_mean": 2316.39990234375, "sec": 40.986787530593574}
{"iter": 16, "delta": 0.0498046875, "policy_changed": 2.645659878908191e-05, "fit_err_max": 1285.99365234375, "V_mean": 2316.371826171875, "sec": 41.00988136418164}
[done] rbfavg_medium_k0p25: offline=695.8s peak_gpu=877MB params=450,000
[train] rbfavg_medium_k0p5: states=3,364,000 {'value_type': 'rbf', 'noise_scale': 0.5, 'rbf_fit': 'avg', 'rbf_stride_t': 1, 'rbf_stride_e': 2, 'rbf_ls_t': 0.8, 'rbf_ls_e': 1.6}
{"iter": 0, "delta": 7964.74267578125, "policy_changed": 0.9826442003250122, "fit_err_max": 893.4417724609375, "V_mean": 2846.041259765625, "sec": 41.11638093739748}
{"iter": 1, "delta": 2414.18017578125, "policy_changed": 0.9447820782661438, "fit_err_max": 1420.364501953125, "V_mean": 2451.64453125, "sec": 41.14758502971381}
{"iter": 2, "delta": 398.953369140625, "policy_changed": 0.3438189625740051, "fit_err_max": 1289.502685546875, "V_mean": 2425.798828125, "sec": 41.02374625299126}
{"iter": 3, "delta": 185.99609375, "policy_changed": 0.11788436025381088, "fit_err_max": 1293.336181640625, "V_mean": 2400.601806640625, "sec": 41.00748326908797}
{"iter": 4, "delta": 66.1494140625, "policy_changed": 0.020908739417791367, "fit_err_max": 1293.251953125, "V_mean": 2384.329833984375, "sec": 41.027453899383545}
{"iter": 5, "delta": 34.2646484375, "policy_changed": 0.0013284779852256179, "fit_err_max": 1292.92578125, "V_mean": 2374.96875, "sec": 41.0575380474329}
{"iter": 6, "delta": 18.34130859375, "policy_changed": 4.964328036294319e-05, "fit_err_max": 1292.751708984375, "V_mean": 2369.639892578125, "sec": 41.015961395576596}
{"iter": 7, "delta": 9.9150390625, "policy_changed": 2.2294887457974255e-05, "fit_err_max": 1292.81494140625, "V_mean": 2366.608642578125, "sec": 41.01761327497661}
{"iter": 8, "delta": 5.36767578125, "policy_changed": 2.5564804673194885e-05, "fit_err_max": 1292.891357421875, "V_mean": 2364.88427734375, "sec": 40.987673497758806}
{"iter": 9, "delta": 2.896728515625, "policy_changed": 2.5267538148909807e-05, "fit_err_max": 1292.868408203125, "V_mean": 2363.90380859375, "sec": 40.75524882413447}
{"iter": 10, "delta": 1.5654296875, "policy_changed": 1.9024970242753625e-05, "fit_err_max": 1292.85595703125, "V_mean": 2363.345703125, "sec": 40.995992165990174}
{"iter": 11, "delta": 0.845703125, "policy_changed": 2.080856211250648e-05, "fit_err_max": 1292.853515625, "V_mean": 2363.028564453125, "sec": 41.007906838320196}
{"iter": 12, "delta": 0.45751953125, "policy_changed": 2.5267538148909807e-05, "fit_err_max": 1292.85791015625, "V_mean": 2362.84814453125, "sec": 38.70788886398077}
{"iter": 13, "delta": 0.248046875, "policy_changed": 2.1105826817802154e-05, "fit_err_max": 1292.859375, "V_mean": 2362.745361328125, "sec": 30.782482163980603}
{"iter": 14, "delta": 0.13427734375, "policy_changed": 2.259215216326993e-05, "fit_err_max": 1292.858642578125, "V_mean": 2362.68701171875, "sec": 30.76662880089134}
{"iter": 15, "delta": 0.07421875, "policy_changed": 2.378121280344203e-05, "fit_err_max": 1292.857666015625, "V_mean": 2362.65380859375, "sec": 30.775267544202507}
{"iter": 16, "delta": 0.041015625, "policy_changed": 2.437574221403338e-05, "fit_err_max": 1292.857666015625, "V_mean": 2362.635009765625, "sec": 30.789146658033133}
[done] rbfavg_medium_k0p5: offline=654.0s peak_gpu=877MB params=450,000
[train] rbfavg_medium_k2: states=3,364,000 {'value_type': 'rbf', 'noise_scale': 2.0, 'rbf_fit': 'avg', 'rbf_stride_t': 1, 'rbf_stride_e': 2, 'rbf_ls_t': 0.8, 'rbf_ls_e': 1.6}
{"iter": 0, "delta": 7869.8876953125, "policy_changed": 0.943636417388916, "fit_err_max": 845.957763671875, "V_mean": 2630.947021484375, "sec": 30.7545024137944}
{"iter": 1, "delta": 2060.06689453125, "policy_changed": 0.8481643795967102, "fit_err_max": 1361.251953125, "V_mean": 2507.583251953125, "sec": 30.916756520979106}
{"iter": 2, "delta": 316.315185546875, "policy_changed": 0.32012367248535156, "fit_err_max": 1286.17578125, "V_mean": 2590.71337890625, "sec": 30.79249912686646}
{"iter": 3, "delta": 151.7109375, "policy_changed": 0.10847324877977371, "fit_err_max": 1287.45263671875, "V_mean": 2630.272216796875, "sec": 30.814199023880064}
{"iter": 4, "delta": 77.364501953125, "policy_changed": 0.015037455596029758, "fit_err_max": 1287.1982421875, "V_mean": 2651.515380859375, "sec": 30.822892112657428}
{"iter": 5, "delta": 40.099365234375, "policy_changed": 0.0009592746500857174, "fit_err_max": 1286.826416015625, "V_mean": 2663.5771484375, "sec": 30.750869031064212}
{"iter": 6, "delta": 20.96044921875, "policy_changed": 4.488703780225478e-05, "fit_err_max": 1286.681884765625, "V_mean": 2670.436767578125, "sec": 30.79955820646137}
{"iter": 7, "delta": 11.054443359375, "policy_changed": 2.437574221403338e-05, "fit_err_max": 1286.7197265625, "V_mean": 2674.338623046875, "sec": 30.780508232302964}
{"iter": 8, "delta": 5.87060546875, "policy_changed": 2.4078477508737706e-05, "fit_err_max": 1286.783447265625, "V_mean": 2676.5576171875, "sec": 30.80084298364818}
{"iter": 9, "delta": 3.13525390625, "policy_changed": 2.7348394723958336e-05, "fit_err_max": 1286.777099609375, "V_mean": 2677.8203125, "sec": 30.78065360058099}
{"iter": 10, "delta": 1.68310546875, "policy_changed": 2.4970273443614133e-05, "fit_err_max": 1286.7646484375, "V_mean": 2678.5380859375, "sec": 30.817354193888605}
{"iter": 11, "delta": 0.906982421875, "policy_changed": 2.1997620933689177e-05, "fit_err_max": 1286.7607421875, "V_mean": 2678.946533203125, "sec": 30.773978397250175}
{"iter": 12, "delta": 0.4912109375, "policy_changed": 2.4078477508737706e-05, "fit_err_max": 1286.76416015625, "V_mean": 2679.1787109375, "sec": 22.668089610524476}
{"iter": 13, "delta": 0.26708984375, "policy_changed": 2.4970273443614133e-05, "fit_err_max": 1286.76513671875, "V_mean": 2679.311279296875, "sec": 20.56007918715477}
{"iter": 14, "delta": 0.146484375, "policy_changed": 2.8537455364130437e-05, "fit_err_max": 1286.7646484375, "V_mean": 2679.385986328125, "sec": 20.550016303546727}
{"iter": 15, "delta": 0.08056640625, "policy_changed": 2.2889416868565604e-05, "fit_err_max": 1286.764404296875, "V_mean": 2679.4287109375, "sec": 20.543472807854414}
{"iter": 16, "delta": 0.0439453125, "policy_changed": 1.872770553745795e-05, "fit_err_max": 1286.764404296875, "V_mean": 2679.453125, "sec": 20.535497933626175}
[done] rbfavg_medium_k2: offline=474.5s peak_gpu=877MB params=450,000
[train] rbfavg_smooth_k1: states=3,364,000 {'value_type': 'rbf', 'noise_scale': 1.0, 'rbf_fit': 'avg', 'rbf_stride_t': 2, 'rbf_stride_e': 3, 'rbf_ls_t': 1.6, 'rbf_ls_e': 3.0}
{"iter": 0, "delta": 5617.6904296875, "policy_changed": 0.9712604284286499, "fit_err_max": 945.0816040039062, "V_mean": 2798.71630859375, "sec": 20.522071801126003}
{"iter": 1, "delta": 1078.25, "policy_changed": 0.9036040306091309, "fit_err_max": 1133.994384765625, "V_mean": 3436.433837890625, "sec": 20.55505310744047}
{"iter": 2, "delta": 490.47705078125, "policy_changed": 0.23742182552814484, "fit_err_max": 1072.062255859375, "V_mean": 3851.91064453125, "sec": 20.347216532565653}
{"iter": 3, "delta": 262.7236328125, "policy_changed": 0.03204786032438278, "fit_err_max": 1071.43505859375, "V_mean": 4088.157958984375, "sec": 20.49246370047331}
{"iter": 4, "delta": 144.6083984375, "policy_changed": 0.0009271700400859118, "fit_err_max": 1071.12158203125, "V_mean": 4222.51953125, "sec": 20.481582399457693}
{"iter": 5, "delta": 80.57080078125, "policy_changed": 7.49108221498318e-05, "fit_err_max": 1070.869140625, "V_mean": 4298.9443359375, "sec": 20.47989150416106}
{"iter": 6, "delta": 45.20654296875, "policy_changed": 7.193817145889625e-05, "fit_err_max": 1070.85986328125, "V_mean": 4342.41455078125, "sec": 20.479926426894963}
{"iter": 7, "delta": 25.47705078125, "policy_changed": 7.877526513766497e-05, "fit_err_max": 1070.8857421875, "V_mean": 4367.140625, "sec": 20.487636076286435}
{"iter": 8, "delta": 14.3994140625, "policy_changed": 8.174791582860053e-05, "fit_err_max": 1070.88818359375, "V_mean": 4381.20458984375, "sec": 20.49312450364232}
{"iter": 9, "delta": 8.15478515625, "policy_changed": 7.639714749529958e-05, "fit_err_max": 1070.8828125, "V_mean": 4389.2041015625, "sec": 20.47387600503862}
{"iter": 10, "delta": 4.62451171875, "policy_changed": 8.620689914096147e-05, "fit_err_max": 1070.88134765625, "V_mean": 4393.7548828125, "sec": 20.489873464219272}
{"iter": 11, "delta": 2.62451171875, "policy_changed": 8.323424845002592e-05, "fit_err_max": 1070.8818359375, "V_mean": 4396.3427734375, "sec": 20.489604708738625}
{"iter": 12, "delta": 1.49072265625, "policy_changed": 8.20451823528856e-05, "fit_err_max": 1070.8818359375, "V_mean": 4397.81494140625, "sec": 20.488782371394336}
{"iter": 13, "delta": 0.84765625, "policy_changed": 8.174791582860053e-05, "fit_err_max": 1070.8828125, "V_mean": 4398.65234375, "sec": 20.505420089699328}
{"iter": 14, "delta": 0.48291015625, "policy_changed": 7.550534792244434e-05, "fit_err_max": 1070.88232421875, "V_mean": 4399.12841796875, "sec": 20.496326249092817}
{"iter": 15, "delta": 0.27490234375, "policy_changed": 8.145065658027306e-05, "fit_err_max": 1070.88232421875, "V_mean": 4399.3994140625, "sec": 20.922531470656395}
{"iter": 16, "delta": 0.1572265625, "policy_changed": 8.561236609239131e-05, "fit_err_max": 1070.88232421875, "V_mean": 4399.5537109375, "sec": 23.264013203792274}
{"iter": 17, "delta": 0.09033203125, "policy_changed": 7.758620631648228e-05, "fit_err_max": 1070.88232421875, "V_mean": 4399.64111328125, "sec": 22.89490889851004}
{"iter": 18, "delta": 0.052734375, "policy_changed": 6.747918814653531e-05, "fit_err_max": 1070.8818359375, "V_mean": 4399.69140625, "sec": 22.91422783024609}
{"iter": 19, "delta": 0.03076171875, "policy_changed": 7.72889397921972e-05, "fit_err_max": 1070.88232421875, "V_mean": 4399.7197265625, "sec": 22.984824746847153}
[done] rbfavg_smooth_k1: offline=420.3s peak_gpu=875MB params=70,000
