[train] revised_rbf_medium_k1: states=3,364,000 {'value_type': 'rbf', 'noise_scale': 1.0, 'risk_mode': 'exact_disks', 'rbf_fit': 'ls', 'rbf_online_value': 'interpolated', 'rbf_stride_t': 1, 'rbf_stride_e': 2, 'rbf_ls_t': 0.8, 'rbf_ls_e': 1.6}
{"iter": 0, "delta": 11721.4833984375, "policy_changed": 0.9705740213394165, "fit_err_max": 778.25537109375, "V_mean": 2297.7412109375, "sec": 8.603469400666654}
{"iter": 1, "delta": 16082.28125, "policy_changed": 0.9191560745239258, "fit_err_max": 2751.145751953125, "V_mean": 1315.523681640625, "sec": 8.491240242496133}
{"iter": 2, "delta": 20504.783203125, "policy_changed": 0.7551742196083069, "fit_err_max": 2959.59375, "V_mean": 743.9619750976562, "sec": 8.488913455046713}
{"iter": 3, "delta": 27402.7578125, "policy_changed": 0.6681147217750549, "fit_err_max": 3467.927734375, "V_mean": 279.5635986328125, "sec": 8.483146593905985}
{"iter": 4, "delta": 8850.7109375, "policy_changed": 0.5333139300346375, "fit_err_max": 1735.16650390625, "V_mean": 3.1911914348602295, "sec": 8.487278687767684}
{"iter": 5, "delta": 3965.46728515625, "policy_changed": 0.39637038111686707, "fit_err_max": 1179.01220703125, "V_mean": -189.42066955566406, "sec": 8.492196434177458}
{"iter": 6, "delta": 1732.25927734375, "policy_changed": 0.2771875858306885, "fit_err_max": 1147.9212646484375, "V_mean": -316.2833251953125, "sec": 8.49116223771125}
{"iter": 7, "delta": 567.466064453125, "policy_changed": 0.1684262752532959, "fit_err_max": 1147.51611328125, "V_mean": -386.96759033203125, "sec": 8.49397236853838}
{"iter": 8, "delta": 261.965087890625, "policy_changed": 0.09043311327695847, "fit_err_max": 1140.609619140625, "V_mean": -429.8065490722656, "sec": 8.491593380458653}
{"iter": 9, "delta": 155.4742431640625, "policy_changed": 0.043302021920681, "fit_err_max": 1138.2230224609375, "V_mean": -453.76776123046875, "sec": 8.492341959849}
{"iter": 10, "delta": 48.6353759765625, "policy_changed": 0.017709869891405106, "fit_err_max": 1135.7396240234375, "V_mean": -465.11395263671875, "sec": 8.490789581090212}
{"iter": 11, "delta": 18.887939453125, "policy_changed": 0.006178359035402536, "fit_err_max": 1134.8775634765625, "V_mean": -470.67547607421875, "sec": 8.490242721512914}
{"iter": 12, "delta": 8.00390625, "policy_changed": 0.002609690884128213, "fit_err_max": 1134.0845947265625, "V_mean": -473.7364807128906, "sec": 8.489183108322322}
{"iter": 13, "delta": 3.5645751953125, "policy_changed": 0.0013353150570765138, "fit_err_max": 1133.781005859375, "V_mean": -475.3188781738281, "sec": 8.495438755489886}
{"iter": 14, "delta": 1.79150390625, "policy_changed": 0.0005549940397031605, "fit_err_max": 1133.6424560546875, "V_mean": -476.1159362792969, "sec": 8.493043599650264}
{"iter": 15, "delta": 0.96893310546875, "policy_changed": 0.0002743757504504174, "fit_err_max": 1133.5517578125, "V_mean": -476.53265380859375, "sec": 8.493773025460541}
{"iter": 16, "delta": 0.50201416015625, "policy_changed": 0.0001486325782025233, "fit_err_max": 1133.5189208984375, "V_mean": -476.75396728515625, "sec": 8.48905968759209}
{"iter": 17, "delta": 0.24163818359375, "policy_changed": 7.401902257697657e-05, "fit_err_max": 1133.4979248046875, "V_mean": -476.867431640625, "sec": 8.491104930639267}
{"iter": 18, "delta": 0.1241455078125, "policy_changed": 3.686088166432455e-05, "fit_err_max": 1133.48974609375, "V_mean": -476.9253234863281, "sec": 8.48827526718378}
{"iter": 19, "delta": 0.0601806640625, "policy_changed": 1.7835909602581523e-05, "fit_err_max": 1133.48291015625, "V_mean": -476.9560546875, "sec": 8.495099656283855}
[done] revised_rbf_medium_k1: offline=169.9s peak_gpu=877MB params=450,000
