[train] rbf_medium_k1: states=3,364,000 {'value_type': 'rbf', 'noise_scale': 1.0, 'rbf_stride_t': 1, 'rbf_stride_e': 2, 'rbf_ls_t': 0.8, 'rbf_ls_e': 1.6}
{"iter": 0, "delta": 11714.6083984375, "policy_changed": 0.9712604284286499, "fit_err_max": 785.7708740234375, "V_mean": 2333.7216796875, "sec": 20.577949050813913}
{"iter": 1, "delta": 16342.765625, "policy_changed": 0.920105516910553, "fit_err_max": 2847.651611328125, "V_mean": 1319.0709228515625, "sec": 20.427411960437894}
{"iter": 2, "delta": 19928.158203125, "policy_changed": 0.7553359270095825, "fit_err_max": 2760.810546875, "V_mean": 746.7238159179688, "sec": 19.409798950888216}
{"iter": 3, "delta": 27482.658203125, "policy_changed": 0.6698712706565857, "fit_err_max": 4350.42578125, "V_mean": 274.1848449707031, "sec": 20.482054811902344}
{"iter": 4, "delta": 11207.109375, "policy_changed": 0.534272313117981, "fit_err_max": 2078.88623046875, "V_mean": 3.6776835918426514, "sec": 20.4779406869784}
{"iter": 5, "delta": 3888.69482421875, "policy_changed": 0.39278626441955566, "fit_err_max": 1177.7989501953125, "V_mean": -184.65834045410156, "sec": 20.48078071139753}
{"iter": 6, "delta": 1680.4248046875, "policy_changed": 0.27283918857574463, "fit_err_max": 1150.6771240234375, "V_mean": -310.7320251464844, "sec": 20.488091561943293}
{"iter": 7, "delta": 557.7508544921875, "policy_changed": 0.17118193209171295, "fit_err_max": 1148.3770751953125, "V_mean": -382.8017272949219, "sec": 20.492148940451443}
{"iter": 8, "delta": 233.0787353515625, "policy_changed": 0.09505588561296463, "fit_err_max": 1141.883544921875, "V_mean": -426.1849365234375, "sec": 25.11214280873537}
{"iter": 9, "delta": 129.7950439453125, "policy_changed": 0.044147443026304245, "fit_err_max": 1139.806640625, "V_mean": -450.0363464355469, "sec": 27.108651634305716}
{"iter": 10, "delta": 48.576416015625, "policy_changed": 0.017411118373274803, "fit_err_max": 1137.67333984375, "V_mean": -461.47613525390625, "sec": 28.46486284956336}
{"iter": 11, "delta": 15.6171875, "policy_changed": 0.006140308920294046, "fit_err_max": 1136.6156005859375, "V_mean": -467.09661865234375, "sec": 24.315195756964386}
{"iter": 12, "delta": 6.922431945800781, "policy_changed": 0.002609096234664321, "fit_err_max": 1135.931396484375, "V_mean": -470.171142578125, "sec": 20.488383653573692}
{"iter": 13, "delta": 3.42333984375, "policy_changed": 0.0013703923905268312, "fit_err_max": 1135.6221923828125, "V_mean": -471.7741394042969, "sec": 20.51128339022398}
{"iter": 14, "delta": 1.8612060546875, "policy_changed": 0.0006022592424415052, "fit_err_max": 1135.4744873046875, "V_mean": -472.5833740234375, "sec": 20.530184073373675}
{"iter": 15, "delta": 1.00537109375, "policy_changed": 0.00029607609030790627, "fit_err_max": 1135.3848876953125, "V_mean": -473.0032653808594, "sec": 20.514683418907225}
{"iter": 16, "delta": 0.521484375, "policy_changed": 0.00015755053027532995, "fit_err_max": 1135.35400390625, "V_mean": -473.2250671386719, "sec": 20.50329739227891}
{"iter": 17, "delta": 0.2548828125, "policy_changed": 8.412604074692354e-05, "fit_err_max": 1135.3321533203125, "V_mean": -473.3391418457031, "sec": 20.503658772446215}
{"iter": 18, "delta": 0.13201904296875, "policy_changed": 3.834720700979233e-05, "fit_err_max": 1135.32470703125, "V_mean": -473.3975830078125, "sec": 20.538424924016}
{"iter": 19, "delta": 0.0623779296875, "policy_changed": 1.9619499653344974e-05, "fit_err_max": 1135.317138671875, "V_mean": -473.428466796875, "sec": 20.510467816144228}
[done] rbf_medium_k1: offline=431.9s peak_gpu=877MB params=450,000
[train] rbf_medium_k0: states=3,364,000 {'value_type': 'rbf', 'noise_scale': 0.0, 'rbf_stride_t': 1, 'rbf_stride_e': 2, 'rbf_ls_t': 0.8, 'rbf_ls_e': 1.6}
{"iter": 0, "delta": 12499.6220703125, "policy_changed": 0.9895544052124023, "fit_err_max": 950.4532470703125, "V_mean": 2711.593017578125, "sec": 2.163079301826656}
{"iter": 1, "delta": 17522.767578125, "policy_changed": 0.9649767875671387, "fit_err_max": 3325.541748046875, "V_mean": 1298.618896484375, "sec": 2.1660566637292504}
{"iter": 2, "delta": 20912.5, "policy_changed": 0.768237829208374, "fit_err_max": 2453.39892578125, "V_mean": 622.7650756835938, "sec": 2.1713989228010178}
{"iter": 3, "delta": 32554.263671875, "policy_changed": 0.6790208220481873, "fit_err_max": 3907.9111328125, "V_mean": 52.87416076660156, "sec": 2.1705152858048677}
{"iter": 4, "delta": 11705.4033203125, "policy_changed": 0.5570974946022034, "fit_err_max": 1912.1181640625, "V_mean": -306.55596923828125, "sec": 2.1741036036983132}
{"iter": 5, "delta": 4003.5849609375, "policy_changed": 0.4345059394836426, "fit_err_max": 1353.26416015625, "V_mean": -518.5345458984375, "sec": 2.1717467373237014}
{"iter": 6, "delta": 1472.49951171875, "policy_changed": 0.32653865218162537, "fit_err_max": 1315.201171875, "V_mean": -673.5892944335938, "sec": 2.171566564589739}
{"iter": 7, "delta": 965.275390625, "policy_changed": 0.23372948169708252, "fit_err_max": 1283.473876953125, "V_mean": -781.255859375, "sec": 2.167427915148437}
{"iter": 8, "delta": 515.357177734375, "policy_changed": 0.1493029147386551, "fit_err_max": 1271.6103515625, "V_mean": -843.3038940429688, "sec": 2.1635349737480283}
{"iter": 9, "delta": 262.17724609375, "policy_changed": 0.08233561366796494, "fit_err_max": 1266.75537109375, "V_mean": -878.6715087890625, "sec": 1.6153201507404447}
{"iter": 10, "delta": 122.6903076171875, "policy_changed": 0.04060790687799454, "fit_err_max": 1261.6295166015625, "V_mean": -897.3370971679688, "sec": 1.2951643746346235}
{"iter": 11, "delta": 64.8768310546875, "policy_changed": 0.016661712899804115, "fit_err_max": 1260.252197265625, "V_mean": -907.0592651367188, "sec": 2.173598592169583}
{"iter": 12, "delta": 16.3953857421875, "policy_changed": 0.006420035846531391, "fit_err_max": 1258.57080078125, "V_mean": -912.1284790039062, "sec": 2.1749220388010144}
{"iter": 13, "delta": 8.1015625, "policy_changed": 0.002754458924755454, "fit_err_max": 1257.4071044921875, "V_mean": -914.7357788085938, "sec": 2.1740449285134673}
{"iter": 14, "delta": 4.1417236328125, "policy_changed": 0.001321343588642776, "fit_err_max": 1257.133056640625, "V_mean": -916.0656127929688, "sec": 2.1710371235385537}
{"iter": 15, "delta": 2.2392578125, "policy_changed": 0.0006617122562602162, "fit_err_max": 1257.0455322265625, "V_mean": -916.7381591796875, "sec": 2.1765261432155967}
{"iter": 16, "delta": 1.180908203125, "policy_changed": 0.000293400720693171, "fit_err_max": 1256.9853515625, "V_mean": -917.091552734375, "sec": 2.1718789357692003}
{"iter": 17, "delta": 0.47900390625, "policy_changed": 0.00011950059706578031, "fit_err_max": 1256.960205078125, "V_mean": -917.2791748046875, "sec": 2.1719334479421377}
{"iter": 18, "delta": 0.2490234375, "policy_changed": 6.658739584963769e-05, "fit_err_max": 1256.9462890625, "V_mean": -917.377685546875, "sec": 2.176825844682753}
{"iter": 19, "delta": 0.1304931640625, "policy_changed": 4.369797898107208e-05, "fit_err_max": 1256.93603515625, "V_mean": -917.429443359375, "sec": 2.1616604179143906}
[done] rbf_medium_k0: offline=42.0s peak_gpu=1415MB params=450,000
[train] rbf_medium_k0p25: states=3,364,000 {'value_type': 'rbf', 'noise_scale': 0.25, 'rbf_stride_t': 1, 'rbf_stride_e': 2, 'rbf_ls_t': 0.8, 'rbf_ls_e': 1.6}
{"iter": 0, "delta": 12457.001953125, "policy_changed": 0.9895544052124023, "fit_err_max": 950.4532470703125, "V_mean": 2711.605224609375, "sec": 20.550981576554477}
{"iter": 1, "delta": 17468.453125, "policy_changed": 0.964829683303833, "fit_err_max": 3320.069580078125, "V_mean": 1301.09912109375, "sec": 20.529157397337258}
{"iter": 2, "delta": 20663.82421875, "policy_changed": 0.7682339549064636, "fit_err_max": 2439.681640625, "V_mean": 629.3321533203125, "sec": 20.680898084305227}
{"iter": 3, "delta": 31760.58203125, "policy_changed": 0.6794111132621765, "fit_err_max": 3559.546875, "V_mean": 63.22385787963867, "sec": 20.548994041979313}
{"iter": 4, "delta": 12039.8017578125, "policy_changed": 0.5577797293663025, "fit_err_max": 1829.84765625, "V_mean": -289.36627197265625, "sec": 20.558597893454134}
{"iter": 5, "delta": 4062.6201171875, "policy_changed": 0.43584778904914856, "fit_err_max": 1355.70458984375, "V_mean": -495.7366943359375, "sec": 20.521553029306233}
{"iter": 6, "delta": 1458.5634765625, "policy_changed": 0.32720184326171875, "fit_err_max": 1317.8026123046875, "V_mean": -647.413330078125, "sec": 20.553603732958436}
{"iter": 7, "delta": 746.84130859375, "policy_changed": 0.23352943360805511, "fit_err_max": 1287.0731201171875, "V_mean": -750.9563598632812, "sec": 20.512078816071153}
{"iter": 8, "delta": 453.24560546875, "policy_changed": 0.1474693864583969, "fit_err_max": 1277.74560546875, "V_mean": -811.3619384765625, "sec": 20.532532886601985}
{"iter": 9, "delta": 232.3380126953125, "policy_changed": 0.07897830009460449, "fit_err_max": 1273.048828125, "V_mean": -844.9059448242188, "sec": 20.502591841854155}
{"iter": 10, "delta": 87.0888671875, "policy_changed": 0.03769173473119736, "fit_err_max": 1268.4971923828125, "V_mean": -862.6005249023438, "sec": 20.53448949754238}
{"iter": 11, "delta": 41.0970458984375, "policy_changed": 0.015111771412193775, "fit_err_max": 1266.844970703125, "V_mean": -871.7021484375, "sec": 20.547157776542008}
{"iter": 12, "delta": 14.626220703125, "policy_changed": 0.0060942331328988075, "fit_err_max": 1265.2371826171875, "V_mean": -876.4428100585938, "sec": 20.51889223791659}
{"iter": 13, "delta": 7.5146484375, "policy_changed": 0.002676575444638729, "fit_err_max": 1264.09619140625, "V_mean": -878.8702392578125, "sec": 21.773450519889593}
{"iter": 14, "delta": 3.9429931640625, "policy_changed": 0.0012116527650505304, "fit_err_max": 1263.901123046875, "V_mean": -880.1066284179688, "sec": 23.720364334061742}
{"iter": 15, "delta": 2.187408447265625, "policy_changed": 0.0006192033179104328, "fit_err_max": 1263.8272705078125, "V_mean": -880.7393798828125, "sec": 20.93511056806892}
{"iter": 16, "delta": 1.0947265625, "policy_changed": 0.0002717003517318517, "fit_err_max": 1263.769775390625, "V_mean": -881.072265625, "sec": 20.50589746236801}
{"iter": 17, "delta": 0.4840087890625, "policy_changed": 0.00013703924196306616, "fit_err_max": 1263.745849609375, "V_mean": -881.2484741210938, "sec": 20.536772028543055}
{"iter": 18, "delta": 0.2384033203125, "policy_changed": 6.599286280106753e-05, "fit_err_max": 1263.733154296875, "V_mean": -881.3412475585938, "sec": 19.234700399450958}
{"iter": 19, "delta": 0.1241455078125, "policy_changed": 4.3103449570480734e-05, "fit_err_max": 1263.721923828125, "V_mean": -881.389892578125, "sec": 21.72911347448826}
[done] rbf_medium_k0p25: offline=415.5s peak_gpu=877MB params=450,000
[train] rbf_medium_k0p5: states=3,364,000 {'value_type': 'rbf', 'noise_scale': 0.5, 'rbf_stride_t': 1, 'rbf_stride_e': 2, 'rbf_ls_t': 0.8, 'rbf_ls_e': 1.6}
{"iter": 0, "delta": 12408.265625, "policy_changed": 0.9826442003250122, "fit_err_max": 886.5576782226562, "V_mean": 2544.48486328125, "sec": 20.504393664188683}
{"iter": 1, "delta": 17815.73046875, "policy_changed": 0.9486634731292725, "fit_err_max": 3207.960693359375, "V_mean": 1288.330078125, "sec": 20.499776878394186}
{"iter": 2, "delta": 21433.97265625, "policy_changed": 0.7666902542114258, "fit_err_max": 3003.201171875, "V_mean": 652.0442504882812, "sec": 20.500895883888006}
{"iter": 3, "delta": 26132.884765625, "policy_changed": 0.6799865961074829, "fit_err_max": 4015.9736328125, "V_mean": 120.3829116821289, "sec": 20.4946213606745}
{"iter": 4, "delta": 10940.958984375, "policy_changed": 0.5585433840751648, "fit_err_max": 1724.03271484375, "V_mean": -221.76719665527344, "sec": 20.48439223319292}
{"iter": 5, "delta": 4001.590087890625, "policy_changed": 0.4383561313152313, "fit_err_max": 1279.6624755859375, "V_mean": -386.3018798828125, "sec": 20.493281055241823}
{"iter": 6, "delta": 1816.87158203125, "policy_changed": 0.3363700807094574, "fit_err_max": 1248.22900390625, "V_mean": -522.44287109375, "sec": 20.48815155122429}
{"iter": 7, "delta": 700.0174560546875, "policy_changed": 0.2485876977443695, "fit_err_max": 1230.2694091796875, "V_mean": -617.576171875, "sec": 20.496608836576343}
{"iter": 8, "delta": 380.8438720703125, "policy_changed": 0.16370244324207306, "fit_err_max": 1219.6868896484375, "V_mean": -676.009521484375, "sec": 20.489357423968613}
{"iter": 9, "delta": 225.8760986328125, "policy_changed": 0.09447889029979706, "fit_err_max": 1216.7191162109375, "V_mean": -710.84716796875, "sec": 20.505165494978428}
{"iter": 10, "delta": 110.9527587890625, "policy_changed": 0.04510701447725296, "fit_err_max": 1212.31591796875, "V_mean": -729.0489501953125, "sec": 22.95856670010835}
{"iter": 11, "delta": 42.3929443359375, "policy_changed": 0.017506539821624756, "fit_err_max": 1211.7205810546875, "V_mean": -738.3096923828125, "sec": 24.22004333138466}
{"iter": 12, "delta": 14.5010986328125, "policy_changed": 0.005878418684005737, "fit_err_max": 1210.5947265625, "V_mean": -743.113037109375, "sec": 31.927333552390337}
{"iter": 13, "delta": 6.6709136962890625, "policy_changed": 0.0022259214892983437, "fit_err_max": 1209.8948974609375, "V_mean": -745.5850830078125, "sec": 32.642412218265235}
{"iter": 14, "delta": 3.010009765625, "policy_changed": 0.0010758026037365198, "fit_err_max": 1209.6002197265625, "V_mean": -746.832763671875, "sec": 35.88025706913322}
{"iter": 15, "delta": 1.5548095703125, "policy_changed": 0.0005038644303567708, "fit_err_max": 1209.523681640625, "V_mean": -747.4677734375, "sec": 36.121307536028326}
{"iter": 16, "delta": 0.765380859375, "policy_changed": 0.0002520808484405279, "fit_err_max": 1209.4652099609375, "V_mean": -747.7953491210938, "sec": 35.3067561397329}
{"iter": 17, "delta": 0.3765869140625, "policy_changed": 0.00012247324048075825, "fit_err_max": 1209.446044921875, "V_mean": -747.96630859375, "sec": 35.49195239972323}
{"iter": 18, "delta": 0.19580078125, "policy_changed": 6.004756141919643e-05, "fit_err_max": 1209.437744140625, "V_mean": -748.0556030273438, "sec": 33.80844359844923}
{"iter": 19, "delta": 0.1063232421875, "policy_changed": 3.923899930668995e-05, "fit_err_max": 1209.4276123046875, "V_mean": -748.1016235351562, "sec": 31.959523869678378}
[done] rbf_medium_k0p5: offline=525.3s peak_gpu=877MB params=450,000
[train] rbf_medium_k2: states=3,364,000 {'value_type': 'rbf', 'noise_scale': 2.0, 'rbf_stride_t': 1, 'rbf_stride_e': 2, 'rbf_ls_t': 0.8, 'rbf_ls_e': 1.6}
{"iter": 0, "delta": 11598.982421875, "policy_changed": 0.943636417388916, "fit_err_max": 683.47412109375, "V_mean": 2055.384033203125, "sec": 34.797501211985946}
{"iter": 1, "delta": 15536.5302734375, "policy_changed": 0.8513308763504028, "fit_err_max": 2130.884521484375, "V_mean": 1432.2021484375, "sec": 35.16699339170009}
{"iter": 2, "delta": 19346.94140625, "policy_changed": 0.6866958737373352, "fit_err_max": 2508.80078125, "V_mean": 923.3356323242188, "sec": 33.16916358284652}
{"iter": 3, "delta": 12159.8359375, "policy_changed": 0.5861215591430664, "fit_err_max": 1522.201171875, "V_mean": 560.5248413085938, "sec": 40.62093831039965}
{"iter": 4, "delta": 3897.0, "policy_changed": 0.4445951282978058, "fit_err_max": 1099.0732421875, "V_mean": 373.1907653808594, "sec": 46.676877218298614}
{"iter": 5, "delta": 1798.9482421875, "policy_changed": 0.3024446964263916, "fit_err_max": 1069.54052734375, "V_mean": 254.55410766601562, "sec": 46.766973262652755}
{"iter": 6, "delta": 455.26898193359375, "policy_changed": 0.18224316835403442, "fit_err_max": 1058.3773193359375, "V_mean": 182.47537231445312, "sec": 46.77261874359101}
{"iter": 7, "delta": 206.6552734375, "policy_changed": 0.08473781496286392, "fit_err_max": 1055.593017578125, "V_mean": 142.1046600341797, "sec": 44.454747669398785}
{"iter": 8, "delta": 98.00274658203125, "policy_changed": 0.033129312098026276, "fit_err_max": 1051.886962890625, "V_mean": 119.62921905517578, "sec": 46.307574858888984}
{"iter": 9, "delta": 50.44171142578125, "policy_changed": 0.014638228341937065, "fit_err_max": 1050.4266357421875, "V_mean": 107.8463134765625, "sec": 42.95387628022581}
{"iter": 10, "delta": 18.67578125, "policy_changed": 0.006492865737527609, "fit_err_max": 1048.8394775390625, "V_mean": 102.00894927978516, "sec": 40.86855595745146}
{"iter": 11, "delta": 8.682092666625977, "policy_changed": 0.002435196191072464, "fit_err_max": 1048.3426513671875, "V_mean": 99.10162353515625, "sec": 41.0874469447881}
{"iter": 12, "delta": 3.6645069122314453, "policy_changed": 0.0010549940634518862, "fit_err_max": 1047.8953857421875, "V_mean": 97.6070327758789, "sec": 41.00646600872278}
{"iter": 13, "delta": 1.69873046875, "policy_changed": 0.0005130796926096082, "fit_err_max": 1047.74658203125, "V_mean": 96.83979797363281, "sec": 40.98953417502344}
{"iter": 14, "delta": 0.8646011352539062, "policy_changed": 0.00022384065960068256, "fit_err_max": 1047.694091796875, "V_mean": 96.43846893310547, "sec": 40.97361574694514}
{"iter": 15, "delta": 0.477783203125, "policy_changed": 0.00012187871470814571, "fit_err_max": 1047.65283203125, "V_mean": 96.2328872680664, "sec": 41.02891557943076}
{"iter": 16, "delta": 0.2313232421875, "policy_changed": 5.826396954944357e-05, "fit_err_max": 1047.646240234375, "V_mean": 96.12680053710938, "sec": 41.0178422247991}
{"iter": 17, "delta": 0.120361328125, "policy_changed": 3.686088166432455e-05, "fit_err_max": 1047.637451171875, "V_mean": 96.0726547241211, "sec": 41.00726930424571}
{"iter": 18, "delta": 0.0615234375, "policy_changed": 1.753864489728585e-05, "fit_err_max": 1047.6334228515625, "V_mean": 96.04475402832031, "sec": 40.722044760361314}
{"iter": 19, "delta": 0.032918453216552734, "policy_changed": 1.3079667041893117e-05, "fit_err_max": 1047.62939453125, "V_mean": 96.03045654296875, "sec": 40.72574960812926}
[done] rbf_medium_k2: offline=827.1s peak_gpu=877MB params=450,000
[train] rbf_smooth_k1: states=3,364,000 {'value_type': 'rbf', 'noise_scale': 1.0, 'rbf_stride_t': 2, 'rbf_stride_e': 3, 'rbf_ls_t': 1.6, 'rbf_ls_e': 3.0}
{"iter": 0, "delta": 12012.0361328125, "policy_changed": 0.9712604284286499, "fit_err_max": 895.17724609375, "V_mean": 2303.854248046875, "sec": 40.92781734280288}
{"iter": 1, "delta": 19183.31640625, "policy_changed": 0.9223207235336304, "fit_err_max": 3412.694580078125, "V_mean": 459.89208984375, "sec": 40.89631486404687}
{"iter": 2, "delta": 21755.3515625, "policy_changed": 0.6851991415023804, "fit_err_max": 3612.412109375, "V_mean": -421.0652160644531, "sec": 40.88013149052858}
{"iter": 3, "delta": 6393.72509765625, "policy_changed": 0.5954512357711792, "fit_err_max": 1468.268310546875, "V_mean": -1003.6111450195312, "sec": 40.96281588822603}
{"iter": 4, "delta": 5192.5048828125, "policy_changed": 0.4921923279762268, "fit_err_max": 1607.6539306640625, "V_mean": -1359.10302734375, "sec": 40.96980031207204}
{"iter": 5, "delta": 2002.6680908203125, "policy_changed": 0.40084898471832275, "fit_err_max": 1325.5618896484375, "V_mean": -1592.0126953125, "sec": 40.961881277151406}
{"iter": 6, "delta": 1504.1064453125, "policy_changed": 0.31298068165779114, "fit_err_max": 1314.78173828125, "V_mean": -1722.097412109375, "sec": 40.9640485662967}
{"iter": 7, "delta": 951.5809936523438, "policy_changed": 0.20737425982952118, "fit_err_max": 1310.3687744140625, "V_mean": -1811.7496337890625, "sec": 40.838072943501174}
{"iter": 8, "delta": 840.7963256835938, "policy_changed": 0.1347256302833557, "fit_err_max": 1305.1749267578125, "V_mean": -1861.59521484375, "sec": 41.03652625158429}
{"iter": 9, "delta": 352.623046875, "policy_changed": 0.0816614180803299, "fit_err_max": 1301.7105712890625, "V_mean": -1884.1614990234375, "sec": 40.964868671260774}
{"iter": 10, "delta": 133.35235595703125, "policy_changed": 0.03970541059970856, "fit_err_max": 1299.53662109375, "V_mean": -1894.3607177734375, "sec": 40.987005895935}
{"iter": 11, "delta": 40.787109375, "policy_changed": 0.014466706663370132, "fit_err_max": 1299.5526123046875, "V_mean": -1899.3026123046875, "sec": 40.95861703529954}
{"iter": 12, "delta": 34.6431884765625, "policy_changed": 0.006159333977848291, "fit_err_max": 1299.5416259765625, "V_mean": -1901.4873046875, "sec": 40.956868985667825}
{"iter": 13, "delta": 8.22027587890625, "policy_changed": 0.003073424566537142, "fit_err_max": 1299.616455078125, "V_mean": -1902.5615234375, "sec": 40.96095309499651}
{"iter": 14, "delta": 3.866943359375, "policy_changed": 0.0012181926285848022, "fit_err_max": 1299.636474609375, "V_mean": -1903.09521484375, "sec": 40.976253002882004}
{"iter": 15, "delta": 2.238525390625, "policy_changed": 0.0005490487674251199, "fit_err_max": 1299.459228515625, "V_mean": -1903.3526611328125, "sec": 40.975403524935246}
{"iter": 16, "delta": 0.977294921875, "policy_changed": 0.00025148631539195776, "fit_err_max": 1299.4344482421875, "V_mean": -1903.4752197265625, "sec": 40.7047514449805}
{"iter": 17, "delta": 0.57275390625, "policy_changed": 0.00012217597395647317, "fit_err_max": 1299.4310302734375, "V_mean": -1903.5374755859375, "sec": 40.95363738294691}
{"iter": 18, "delta": 0.269561767578125, "policy_changed": 6.183115328894928e-05, "fit_err_max": 1299.429443359375, "V_mean": -1903.5703125, "sec": 40.9736966881901}
{"iter": 19, "delta": 0.1361083984375, "policy_changed": 3.804994048550725e-05, "fit_err_max": 1299.4305419921875, "V_mean": -1903.586669921875, "sec": 40.95026336424053}
[done] rbf_smooth_k1: offline=818.8s peak_gpu=875MB params=70,000
